// Vitest Snapshot v1, https://vitest.dev/guide/snapshot.html

exports[`NewSettlementForm > displays form 1`] = `
<body>
  <div>
    <form>
      <h1>
        New Settlement
      </h1>
      <div>
        <label
          for="newSettlementDepartment"
        >
          Department: 
        </label>
        <select
          id="newSettlementDepartment"
        >
          <option />
          <option>
            Furniture
          </option>
          <option>
            Books
          </option>
        </select>
      </div>
      <div>
        <label
          for="newSettlementBalance_50kr"
        >
          50kr
          :
        </label>
        <input
          id="newSettlementBalance_50kr"
          type="number"
          value="0"
        />
      </div>
      <div>
        <label
          for="newSettlementBalance_100kr"
        >
          100kr
          :
        </label>
        <input
          id="newSettlementBalance_100kr"
          type="number"
          value="0"
        />
      </div>
      <div>
        <label
          for="newSettlementBalance_200kr"
        >
          200kr
          :
        </label>
        <input
          id="newSettlementBalance_200kr"
          type="number"
          value="0"
        />
      </div>
      <div>
        <label
          for="newSettlementBalance_500kr"
        >
          500kr
          :
        </label>
        <input
          id="newSettlementBalance_500kr"
          type="number"
          value="0"
        />
      </div>
      <div>
        <label
          for="newSettlementBalance_1000kr"
        >
          1000kr
          :
        </label>
        <input
          id="newSettlementBalance_1000kr"
          type="number"
          value="0"
        />
      </div>
      <div>
        <label
          for="newSettlementBalance_20kr"
        >
          20kr
          :
        </label>
        <input
          id="newSettlementBalance_20kr"
          type="number"
        />
      </div>
      <div>
        <label
          for="newSettlementBalance_10kr"
        >
          10kr
          :
        </label>
        <input
          id="newSettlementBalance_10kr"
          type="number"
        />
      </div>
      <div>
        <label
          for="newSettlementBalance_5kr"
        >
          5kr
          :
        </label>
        <input
          id="newSettlementBalance_5kr"
          type="number"
        />
      </div>
      <div>
        <label
          for="newSettlementBalance_1kr"
        >
          1kr
          :
        </label>
        <input
          id="newSettlementBalance_1kr"
          type="number"
        />
      </div>
      <button
        disabled=""
        type="submit"
      >
        Submit
      </button>
    </form>
  </div>
</body>
`;
