// Vitest Snapshot v1, https://vitest.dev/guide/snapshot.html

exports[`NewSettlementForm > displays form 1`] = `
<body>
  <div>
    <h1>
      New Settlement
    </h1>
    <div>
      <label>
        Department:
         
        <select>
          <option />
          <option>
            Furniture
          </option>
          <option>
            Books
          </option>
        </select>
      </label>
    </div>
    <div>
      <label>
        50kr
        : 
        <input
          type="number"
        />
      </label>
    </div>
    <div>
      <label>
        100kr
        : 
        <input
          type="number"
        />
      </label>
    </div>
    <div>
      <label>
        200kr
        : 
        <input
          type="number"
        />
      </label>
    </div>
    <div>
      <label>
        500kr
        : 
        <input
          type="number"
        />
      </label>
    </div>
    <div>
      <label>
        1000kr
        : 
        <input
          type="number"
        />
      </label>
    </div>
    <div>
      <label>
        20kr
        : 
        <input
          type="number"
        />
      </label>
    </div>
    <div>
      <label>
        10kr
        : 
        <input
          type="number"
        />
      </label>
    </div>
    <div>
      <label>
        5kr
        : 
        <input
          type="number"
        />
      </label>
    </div>
    <div>
      <label>
        1kr
        : 
        <input
          type="number"
        />
      </label>
    </div>
  </div>
</body>
`;
